// Jest Snapshot v1, https://goo.gl/fbAQLP

exports[`ThreeDice/ThemedDie Testing should do a snapshot test on ThemedDie 1`] = `
<Suspense
  fallback={
    <div>
      Loading...
    </div>
  }
>
  <ThemedDie
    dicePos={
      Array [
        -13,
        5,
        6,
      ]
    }
    imageSet={
      Array [
        "",
      ]
    }
    rerollAllToggle={false}
    rerollDieToggle={[Function]}
    rerollValue={false}
    setImages={[Function]}
    testID="testDie"
  />
</Suspense>
`;
