// Jest Snapshot v1, https://goo.gl/fbAQLP

exports[`ThreeDice Testing renders and matches snapshot 1`] = `
<Fragment>
  <Memo(Canvas)
    camera={
      Object {
        "fov": 50,
        "position": Array [
          0,
          20,
          8,
        ],
      }
    }
    concurrent={true}
    invalidateFrameloop={true}
    style={
      Object {
        "height": "70vh",
        "width": "100vw",
      }
    }
  >
    <ForwardRef
      center={true}
    >
      Loading game textures....
    </ForwardRef>
  </Memo(Canvas)>
  )
</Fragment>
`;
